ИПМ МАКРО-БЕМШ ВЕР.06/78
АРАП ВАР.04/78
------------------------------------------------------------------
ВВД◇◇◇
ТРН◇◇◇
0-0
БТМАЛФ
ЗОНГП 270000
НАЗ   070000
КНЦ◇◇◇
МАКРОРЕДАКТОР ОТ  20.06.78
001415-КОЛИЧ ЯЧ ГС
                                           МАКРОМАШИНА ОТ 1.11.78

ИПМ МАКРО-БЕМШ ВЕР.06/78      АС       СТР 0001
ОШИБКИ   НПК  СВОБ ПЕРЕМ АДРЕС КОМАНДА    А ИСП N ГЕН N ИСХ МЕТКА  ОПЕРАЦИЯ ОПЕРАНД   КОММЕНТАРИЙ
                                                 0001  0001        МАСRО
                                                 0002  0002 ∧М     ВТ    ∧А
                                                 0003  0003        GВLА  ∧ВS
                                                 0004  0004        АIF   (∧ВS ЕQ 1).ВТ
                                                 0005  0005 ∧М     СТОП  ’36’
                                                 0006  0006        МЕХIТ
                                                 0007  0007 .ВТ    АNОР
                                                 0008  0008 ∧М     ДК    ’36’,∧А
                                                 0009  0009        МЕND
                                                 0010  0010        МАСRО
                                                 0011  0011 ∧М     КОНДБ ∧К
                                                 0012  0012        GВLА  ∧ВS
                                                 0013  0013        АIF   (∧ВS ЕQ 1).КБ
                                                 0014  0014 ∧М     КОНД  ∧К
                                                 0015  0015 .КБ    АNОР
                                                 0016  0016        МЕND
                                                 0017  0017        МАСRО
                                                 0018  0018 ∧М     КОНДС ∧К
                                                 0019  0019        GВLА  ∧ВS
                                                 0020  0020        АIF   (∧ВS ЕQ 0).КС
                                                 0021  0021 ∧М     КОНД  ∧К
                                                 0022  0022 .КС    АNОР
                                                 0023  0023        МЕND
                                                 0024  0024        МАСRО
                                                 0025  0025 ∧М     УВВ   ∧А
                                                 0026  0026        GВLА  ∧ВS
                                                 0027  0027        АIF   (∧ВS ЕQ 0).УВВ
                                                 0028  0028        СТОП  ’33’
                                                 0029  0029        МЕХIТ
                                                 0030  0030 .УВВ   АNОР
                                                 0031  0031 ∧М     ЕХТ   ∧А
                                                 0032  0032        МЕND
                                                 0033  0033 АС     СТАРТ ’70000’
                        ‾70000                   0034  0034        GВLА  ∧ВS
                        ‾70000                   0035  0035 ∧ВS    SЕТА  1
                                                 0036  0036        СТРН



























ИПМ МАКРО-БЕМШ ВЕР.06/78      АС       СТР 0002
ОШИБКИ   НПК  СВОБ ПЕРЕМ АДРЕС КОМАНДА    А ИСП N ГЕН N ИСХ МЕТКА  ОПЕРАЦИЯ ОПЕРАНД   КОММЕНТАРИЙ
                                                 0037  0037        СТРОК 15















                        ‾70000                   0038  0038 *
                        ‾70000                   0039  0039 *
                        ‾70000                   0040  0040 *
                        ‾70000                   0041  0041 *
                        ‾70000                   0042  0042 *
                        ‾70000                   0043  0043 *   WWWWWWWWWWW  WWWWWWWWWWW     WWWWW     WWWWWWWWWWW
                        ‾70000                   0044  0044 *        W       W             W       W        W
                        ‾70000                   0045  0045 *        W       W            W         W       W
                        ‾70000                   0046  0046 *        W       W            W                 W
                        ‾70000                   0047  0047 *        W       WWWWWWWW     W                 W
                        ‾70000                   0048  0048 *        W       W            W         W       W
                        ‾70000                   0049  0049 *        W       W            W        W        W
                        ‾70000                   0050  0050 *        W       W             W      W         W
                        ‾70000                   0051  0051 *        W       WWWWWWWWWWW    WWWWWW          W
                        ‾70000                   0052  0052 *
                        ‾70000                   0053  0053 *
                        ‾70000                   0054  0054 *         W           W   WWWWWWWWWW      WWWWWW
                        ‾70000                   0055  0055 *         W W       W W   W        W     W     W
                        ‾70000                   0056  0056 *         W   W   W   W   W        W    W      W
                        ‾70000                   0057  0057 *         W     W     W   W        W    W      W
                        ‾70000                   0058  0058 *         W           W   W        W    W      W
                        ‾70000                   0059  0059 *         W           W   W        W    W      W
                        ‾70000                   0060  0060 *         W           W   W        W   WWWWWWWWWW
                        ‾70000                   0061  0061 *         W           W   W        W   W        W
                        ‾70000                   0062  0062 *
                                                 0063  0063        СТРН





















ИПМ МАКРО-БЕМШ ВЕР.06/78      АС       СТР 0003
ОШИБКИ   НПК  СВОБ ПЕРЕМ АДРЕС КОМАНДА    А ИСП N ГЕН N ИСХ МЕТКА  ОПЕРАЦИЯ ОПЕРАНД   КОММЕНТАРИЙ
                        ‾70000                   0064  0064 *
                        ‾70000                   0065  0065 *
                        ‾70000                   0066  0066 *      ТЕСТ РАБОТЫ МУЛЬТИПЛЕКСОРА ПЕРЕДАЧИ ДАННЫХ
                        ‾70000                   0067  0067 *      ------------------------------------------
                        ‾70000                   0068  0068 *
                        ‾70000                   0069  0069 *   ВЫЗОВ ТЕСТА:
                        ‾70000                   0070  0070 *
                        ‾70000                   0071  0071 *      ТЕСТ ДОЛЖЕН БЫТЬ ПРОЧИТАН В 34-УЮ  ФИЗИЧЕСКУЮ
                        ‾70000                   0072  0072 *      СТРАНИЦУ ОП С ПОМОЩЬЮ ПРОГРАММЫ " Т В У ".
                        ‾70000                   0073  0073 *      ВХОД В ЯЧЕЙКУ С АДРЕСОМ 70000
                        ‾70000                   0074  0074 *
                        ‾70000                   0075  0075 *   РАБОТА ТЕСТА:
                        ‾70000                   0076  0076 *
                        ‾70000                   0077  0077 *      ТЕСТ СОСТОИТ ИЗ ДВУХ ЧАСТЕЙ. 1-Й - 3-Й РАЗРЯДЫ
                        ‾70000                   0078  0078 *      3-ГО Т.Р. ОПРЕДЕЛЯЮТ, КАКАЯ ЧАСТЬ РАБОТАЕТ: ПРИ НУЛЕВОМ
                        ‾70000                   0079  0079 *      КОДЕ ЭТИХ РАЗРЯДОВ РАБОТАЕТ ПЕРВАЯ ЧАСТЬ, ПРИ НЕНУЛЕВОМ
                        ‾70000                   0080  0080 *      ВТОРАЯ
                        ‾70000                   0081  0081 *     ОПИСАНИЕ ПЕРВОЙ ЧАСТИ:
                        ‾70000                   0082  0082 *      ТЕСТ ВСЕГДА ГОТОВ К ПРИЕМУ СЛОГА ИЗ МПД. СЧИТЫВАНИЕ
                        ‾70000                   0083  0083 *      СЛОГА ПРОИЗВОДИТСЯ ПРИ УСТАНОВКЕ 34-ГО РАЗРЯДА ПОП (052)
                        ‾70000                   0084  0084 *      С ПОМОЩЬЮ КОМАНД ЗПР 252 И ЗПР 253. КОДОВАЯ ИНФОРМАЦИЯ
                        ‾70000                   0085  0085 *      ПОСТУПАЕТ В 35-Й - 38-Й РАЗРЯДЫ РЕГИСТРОВ ПОП И ОПОП.
                        ‾70000                   0086  0086 *      ПОСЛЕДНИЙ ПРИНЯТЫЙ СЛОГ ИНДИЦИРУЕТСЯ НА СУММАТОРЕ
                        ‾70000                   0087  0087 *      ДЛЯ ПЕРЕДАЧИ ЭВМ - МПД НУЖНО В МЛАДШИХ РАЗРЯДАХ
                        ‾70000                   0088  0088 *      7-ГО ТУМБЛЕРНОГО РЕГИСТРА НА ПУЛЬТЕ СВС НАБРАТЬ
                        ‾70000                   0089  0089 *      КОД ЗАПИСЫВАЕМОГО В МПД СЛОГА И НАЖАТЬ КНОПКУ
                        ‾70000                   0090  0090 *      "ЗАПРОС". В РЕЗУЛЬТАТЕ БУДЕТ УСТАНОВЛЕН 33-Й РАЗ-
                        ‾70000                   0091  0091 *      РЯД РКОНФ, И ПРИ ПОЯВЛЕНИИ СИГНАЛА В СООТВЕТСТВУЮЩЕМ
                        ‾70000                   0092  0092 *      РАЗРЯДЕ ПОП СОДЕРЖИМОЕ 7-ГО Т.Р. БУДЕТ ЗАПИСАНО
                        ‾70000                   0093  0093 *      В МПД С ПОМОЩЬЮ ОПЕРАЦИЙ ЗПР 0050 И ЗПР 0051,
                        ‾70000                   0094  0094 *      ПОСЛЕ ЧЕГО 33-Й РАЗРЯД РКОНФ СБРАСЫВАЕТСЯ.
                        ‾70000                   0095  0095 *      В ТОМ СЛУЧАЕ, КОГДА НА 6-ОМ Т.Р. НАБРАН 6-Й РАЗРЯД,
                        ‾70000                   0096  0096 *      ГАШЕНИЕ 33-ГО РАЗРЯДА РКОНФ ВЫПОЛНЯТЬСЯ НЕ БУДЕТ И
                        ‾70000                   0097  0097 *      ПОЭТОМУ ОПЕРАЦИЯ ЗАПИСИ В МПД БУДЕТ ПРОИЗВОДИТЬСЯ
                        ‾70000                   0098  0098 *      ЦИКЛИЧЕСКИ, С ЧАСТОТОЙ ПОЯВЛЕНИЯ СИГНАЛА 33-ГО РАЗ-
                        ‾70000                   0099  0099 *      РЯДА РКОНФ.
                        ‾70000                   0100  0100 *      В ЛЮБОМ СЛУЧАЕ ПОСЛЕДНИЙ ЗАПИСАННЫЙ В МПД СЛОГ
                        ‾70000                   0101  0101 *      ИНДИЦИРУЕТСЯ НА РЕГ. МЛАД.РАЗРЯДОВ. ЧИСЛО ВЫДАННЫХ
                        ‾70000                   0102  0102 *      СЛОГОВ ИНДИЦИРУЕТСЯ НА РЕГИСТРЕ М8, ЧИСЛО ПРИНЯ-
                        ‾70000                   0103  0103 *      ТЫХ - НА РЕГИСТРЕ М9 УУ. ПРИ ВКЛЮЧЕНИИ 1-ГО РАЗ-
                        ‾70000                   0104  0104 *      ДА 5-ГО Т.Р. ПРОИСХОДИТ ОСТАНОВ С АДРЕСОМ 77777
                        ‾70000                   0105  0105 *      ПРИ ВОЗНИКНОВЕНИИ СИГНАЛА ТАЙМЕРА (4-Й Р. РВП).
                        ‾70000                   0106  0106 *      ПРОТАЛКИВАНИЕ ПРИВОДИТ К ОБНУЛЕНИЮ М8 И М9
                        ‾70000                   0107  0107 *      ЭТОТ РЕЖИМ ДАЕТ ВОЗМОЖНОСТЬ ЗАМЕРА СКОРОСТИ ПЕРЕДАЧИ.
                        ‾70000                   0108  0108 *
                        ‾70000                   0109  0109 *
                        ‾70000                   0110  0110 *   ОСТАНОВЫ ТЕСТА:
                        ‾70000                   0111  0111 *    1.ПОСКОЛЬКУ ПРИ РАБОТЕ ТЕСТА НЕ ДОЛЖНО ВОЗНИКАТЬ
                        ‾70000                   0112  0112 *      ВНУТРЕННИХ ПРЕРЫВАНИЙ, ТЕСТ ЗАЦИКЛЕН В ЯЧЕЙКЕ 00500.
                        ‾70000                   0113  0113 *    2.ОСТАНОВ С АДРЕСОМ 77777 (СМ.ВЫШЕ)
                        ‾70000                   0114  0114 *
                        ‾70000                   0115  0115 *     ОПИСАНИЕ ВТОРОЙ ЧАСТИ ТЕСТА:
                        ‾70000                   0116  0116 *      ТЕСТ ПРИНИМАЕТ ИНФОРМАЦИЮ С ОДНОЙ ИЗ ЛИНИЙ МПД, НОМЕР
                        ‾70000                   0117  0117 *      КОТОРОЙ ЗАДАН В МЛАДШИХ РАЗРЯДАХ 1-ГО Т.Р., И ПРИ ПОЛУ-
                        ‾70000                   0118  0118 *      ЧЕНИИ КОДА <RЕТURN> ( <СR> ) ВЫВОДИТ ЕЕ В ЛИНИЮ, НОМЕР
                        ‾70000                   0119  0119 *      КОТОРОЙ ЗАДАН В МЛАДШИХ РАЗРЯДАХ 2-ГО Т.Р.
                        ‾70000                   0120  0120 *      ИНФОРМАЦИЯ ДЛЯ ТЕСТА:
                        ‾70000                   0121  0121 *       1 Т.Р.  1-6 РР - НОМЕР ЛИНИИ,ИНФОРМАЦИЯ С КОТОРОЙ
                        ‾70000                   0122  0122 *                        БУДЕТ НАКАПЛИВАТЬСЯ В БУФЕРЕ
                        ‾70000                   0123  0123 *       2 Т.Р.  1-6 РР - НОМЕР ЛИНИИ,НА КОТОРУЮ БУДЕТ ВЫ-
                        ‾70000                   0124  0124 *                        ДАВАТЬСЯ  ИНФОРМАЦИЯ  ИЗ  БУФЕРА
                        ‾70000                   0125  0125 *                        ПРИ ПОЛУЧЕНИИ "СR" С ЛИНИИ  БУ-
                        ‾70000                   0126  0126 *                        ФЕРИЗАЦИИ
ИПМ МАКРО-БЕМШ ВЕР.06/78      АС       СТР 0004
ОШИБКИ   НПК  СВОБ ПЕРЕМ АДРЕС КОМАНДА    А ИСП N ГЕН N ИСХ МЕТКА  ОПЕРАЦИЯ ОПЕРАНД   КОММЕНТАРИЙ
                        ‾70000                   0127  0127 *       3 Т.Р.  1-2 РР - НОМЕР ЭВМ
                        ‾70000                   0128  0128 *      ПЕРЕКЛЮЧЕНИЕ НА ДРУГУЮ ЭВМ - <СТRL> S
                        ‾70000                   0129  0129 *      ОБНУЛЕНИЕ БУФЕРА           - DЕL
                        ‾70000                   0130  0130 *     ИНДИКАЦИЯ :
                        ‾70000                   0131  0131 *
                        ‾70000                   0132  0132 *   М6 - ПОСЛЕДНИЙ СЛОГ, ВЫДАННЫЙ В МПД
                        ‾70000                   0133  0133 *   М7 - ПОСЛЕДНИЙ СЛОГ, ПРИНЯТЫЙ ИЗ МПД
                        ‾70000                   0134  0134 *   М8 - АДРЕС СВОБОДНОЙ ЯЧЕЙКИ БУФЕРА
                        ‾70000                   0135  0135 *   М9 - АДРЕС ЯЧ. ДЛЯ ВЫДАЧИ ИЗ БУФЕРА
                        ‾70000                   0136  0136 *   М4 - КОПИЯ МАСКИ ПРП
                        ‾70000                   0137  0137 *
                        ‾70000                   0138  0138 *   ЧЕТЫРЕ ВЕРХНИХ РЕГИСТРА ПРИПИСКИ:
                        ‾70000                   0139  0139 *         СЧЕТЧИК ПРИНЯТЫХ "СR"
                        ‾70000                   0140  0140 *         СЧЕТЧИК КОДОВ С ОШИБКОЙ ЧЕТНОСТИ
                        ‾70000                   0141  0141 *         СЧЕТЧИК КОДОВ "DЕL"
                        ‾70000                   0142  0142 *         СЧЕТЧИК СЛУЖЕБНЫХ ПОСЫЛОК
                        ‾70000                   0143  0143 *
                        ‾70000                   0144  0144 *
                        ‾70000                   0145  0145 *   ПРОГРАММИРОВАНИЕ ТЕСТА ВЫПОЛНЕНО:
                        ‾70000                   0146  0146 *    I  ЧАСТЬ - М.Ю.ЯРОСЛАВЦЕВЫМ (ЛАБ.1-3,ТЕЛ.4-75).
                        ‾70000                   0147  0147 *    II ЧАСТЬ - А.ПРОШКИНЫМ (ИПФ АН СССР,НОВОСИБИРСК)
                        ‾70000                   0148  0148 *
                                                 0149  0149        СТРН








































ИПМ МАКРО-БЕМШ ВЕР.06/78      АС       СТР 0005
ОШИБКИ   НПК  СВОБ ПЕРЕМ АДРЕС КОМАНДА    А ИСП N ГЕН N ИСХ МЕТКА  ОПЕРАЦИЯ ОПЕРАНД   КОММЕНТАРИЙ
         001             70000 00 037 0003       0150  0150        РЖА   3
                               00 24 02003       0151  0151        УИА   ’2003’
                         70001 00 002 0101       0152  0152        РЕГ   ’101’
                               00 110 0202       0153  0153        СЧ    ЯЧПРЕ
                         70002 00 000 0500       0154  0154        ЗП    ’500’
                               00 110 0203       0155  0155        СЧ    ЯЧПРЕ+1
                         70003 00 000 0501       0156  0156        ЗП    ’501’
                        _70003                   0157  0157        АIF   (∧ВS ЕQ 1).S1
                               00 22
                         70004 00 110 0013       0158  0171 .S1    СЧ    МГРП
                               00 002 0046       0159  0172        РЕГ   ’46’          МАСКА РВП
                         70005 00 110 0024       0160  0173        СЧ    Е34
                               00 002 0054       0161  0174        РЕГ   ’54’          КОНФ.(РАЗРЕШ.ПРИЕМ)
         002             70006 00 040 0000       0162  0175        УИ
                               00 010 0000       0163  0176        СЧ    0
                         70007 00 002 0052       0164  0177        РЕГ   ’52’
                               00 002 0053       0165  0178        РЕГ   ’53’          ГАШ.ПРИЕМНЫХ РЕГ.
                         70010 00 002 0047       0166  0179        РЕГ   ’47’          ГАШ.РВП
                               00 040 0000       0167  0180        УИ
                         70011 00 110 0015       0168  0181        СЧ    ТИКСВС
                               00 002 0057       0169  0182        РЕГ   ’57’          УСТАНОВКА ТАЙМЕРА
                        ‾70012                   0170  0183        ВТ    ЗАСИГН
                        _70012                   0172  0184 .S01   АNОР
                        _70012                   0173  0185 *
                        _70012                   0174  0186 *
                        _70012                   0175  0187 *   КОНСТАНТЫ, ЯЧЕЙКИ
                        _70012                   0176  0188 *   -----------------
                        _70012                   0177  0189 *
                        _70012                   0178  0190 МГРП   КОНДС В’211’
                        ‾70014                   0180  0191 МГРП   КОНДБ М31В’441’
                        ‾70014                   0181  0192 П140   КОНДБ В’140’
                        ‾70014                   0182  0193 Е38П35 КОНДС М34Х’F’
                        ‾70015                   0184  0194 ТИКСВС КОНДС В’-111443’    2 МЛСЕК
                         70016  7777777777777777 0186  0195 ВСЕЕД  КОНД  В’-1’
                         70017  4000000000000000 0187  0196 Е48    КОНД  М47В’1’
                         70020  2000000000000000 0188  0197 Е47    КОНД  М46В’1’
                         70021  1000000000000000 0189  0198 Е46    КОНД  М45В’1’
         004             70022  0010000000000000 0190  0199 Е40    КОНД  М39В’1’
                         70023  0001000000000000 0191  0200 Е37    КОНД  М36В’1’
                        ‾70024                   0192  0201 Е34    КОНДС М33В’1’
                        ‾70025                   0194  0202 Е33    КОНДС М32В’1’
                         70026  0000020000000000 0196  0203 Е32    КОНД  М31В’1’
                         70027  0000000000200000 0197  0204 Е17    КОНД  М16В’1’
         005             70030  0000000000000020 0198  0205 Е5     КОНД  М4В’1’
                         70031  0000000000000010 0199  0206 Е4     КОНД  В’10’
                        ‾70032                   0200  0207 Е34Е33 КОНДС М32В’3’
                        ‾70033                   0202  0208 Е8     КОНДС М7В’1’
                         70034  0000000000000100 0204  0209 Е7     КОНД  В’100’
                         70035  0000000000000040 0205  0210 Е6     КОНД  В’40’
         006             70036  0000000000000001 0206  0211 Е1     КОНД  В’1’
                         70037                   0207  0212 ПРИНЯТ ПАМ   1             ПРИНЯТЫЙ СЛОГ
                         70040                   0208  0213 ПРИНЯЛ ПАМ   1
                         70041                   0209  0214 ВЫДАН  ПАМ   1             ВЫДАННЫЙ СЛОГ
                         70042                   0210  0215 ВЫДАТЬ ПАМ   1             СЛОГ К ВЫДАЧЕ
                         70043                   0211  0216 НАДО   ПАМ   1             ПРИЗНАК НЕОБХОДИМОСТИ ЗАПИСИ В МПД
         007             70044                   0212  0217 ШКПРЕ  ПАМ   1             СИГНАЛЫ ГРП
                         70045                   0213  0218 ШКПРП  ПАМ   1             СИГНАЛЫ ПРП
                        ‾70046                   0214  0219 *
                        ‾70046                   0215  0220 *
                        ‾70046                   0216  0221 *  ОЖИДАНИЕ СИГНАЛА
                        ‾70046                   0217  0222 *  ----------------
                        ‾70046                   0218  0223 *
                                                 0219  0224 ЗАСИГН НОП
ИПМ МАКРО-БЕМШ ВЕР.06/78      АС       СТР 0006
ОШИБКИ   НПК  СВОБ ПЕРЕМ АДРЕС КОМАНДА    А ИСП N ГЕН N ИСХ МЕТКА  ОПЕРАЦИЯ ОПЕРАНД   КОММЕНТАРИЙ
                         70046 00 010 0003       0220  0225        СЧ    3
                               00 111 0423       0221  0226        И     В7
                         70047 00 27 70204       0222  0227        ПЕ    НОВАС
                               00 24 02003       0223  0228        УИА   ’2003’
                         70050 00 010 0006       0224  0229        СЧ    6 Т.Р.
                               00 111 0030       0225  0230        И     Е5
                         70051 00 26 70062       0226  0231        ПО    НЕЦИКЛ
                               00 110 0040       0227  0232        СЧ    ПРИНЯЛ
         008             70052 00 26 70062       0228  0233        ПО    НЕЦИКЛ
                               00 111 0433       0229  0234        И     Е16
                         70053 00 26 70061       0230  0235        ПО    НУЛИП
                               00 110 0040       0231  0236        СЧ    ПРИНЯЛ
                         70054 00 036 0110       0232  0237        СДА   64+8
                               00 012 0001       0233  0238        НТЖ   1 Т.Р.
                         70055 00 036 0070       0234  0239        СДА   64-8
                               00 115 0034       0235  0240        ИЛИ   Е7
                         70056 00 115 0036       0236  0241        ИЛИ   Е1
                               00 115 0433       0237  0242        ИЛИ   Е16
                         70057 00 100 0042       0238  0243        ЗП    ВЫДАТЬ
                               00 110 0032       0239  0244        СЧ    Е34Е33
         009             70060 00 002 0054       0240  0245        РЕГ   ’54’
                               00 100 0043       0241  0246        ЗП    НАДО
                         70061 00 010 0000       0242  0247 НУЛИП  СЧ    0
                               00 100 0040       0243  0248        ЗП    ПРИНЯЛ
                                                 0244  0249 НЕЦИКЛ НОП
                         70062 00 110 0037       0245  0250        СЧ    ПРИНЯТ
                               00 040 0001       0246  0251        УИ    1
                         70063 00 036 0117       0247  0252        СДА   64+15
                               00 040 0003       0248  0253        УИ    3
                         70064 00 110 0041       0249  0254        СЧ    ВЫДАН
                               00 040 0002       0250  0255        УИ    2
                         70065 00 24 00003       0251  0256        УИА   3
                        _70065                   0252  0257        АIF   (∧ВS ЕQ 0).IND
                               00 012 0000       0253  0258        НТЖ   0             НА РМР
         010             70066 00 110 0037       0254  0259        СЧ    ПРИНЯТ
                               16 24 00001       0255  0260        УИА   1(14)
                         70067 00 002 0140       0256  0261        РЕГ   ’140’
                               00 22
                         70070 00 040 0000       0257  0262 ПОКАЖИ УИ
                               16 37 70070       0258  0263        ЦИКЛ  ПОКАЖИ(14)
                        ‾70071                   0259  0264 .IND   АNОР
                         70071 00 30 70046       0260  0265        ПБ    ЗАСИГН
                        _70071                   0261  0266 *
                        _70071                   0262  0267 *
                        _70071                   0263  0268 *  СИГНАЛ ПОЛУЧЕН
                        _70071                   0264  0269 *  --------------
                        _70071                   0265  0270 *
                               00 22
                                                 0266  0271 СИГНАЛ НОП
                         70072 00 120 0013       0267  0272        СБР   МГРП
                               00 100 0044       0268  0273        ЗП    ШКПРЕ
                         70073 00 110 0044       0269  0274 БМВ    СЧ    ШКПРЕ
                               00 26 70046       0270  0275        ПО    ЗАСИГН        ВСЕ ПРЕРЫВАНИЯ ОБСЛУЖЕНЫ
         011             70074 00 023 0000       0271  0276        НЕД   0
                               00 040 0004       0272  0277        УИ    4
                         70075 04 110 0016       0273  0278        СЧ    Е48-1(4)
                               00 112 0044       0274  0279        НТЖ   ШКПРЕ
                         70076 00 100 0044       0275  0280        ЗП    ШКПРЕ
                               04 30 70076       0276  0281        ПБ    ПЕРЕХ-1(4)
                        ‾70077                   0277  0282 *
                                                 0278  0283 ПЕРЕХ  НОП
                        ‾70077                   0279  0284        АIF   (∧ВS ЕQ 1).S2
                         70077 00 002 0252       0280  0291 .S2    РЕГ   ’252’         ПРЕР.ОТ ПРОЦЕССОРОВ
ИПМ МАКРО-БЕМШ ВЕР.06/78      АС       СТР 0007
ОШИБКИ   НПК  СВОБ ПЕРЕМ АДРЕС КОМАНДА    А ИСП N ГЕН N ИСХ МЕТКА  ОПЕРАЦИЯ ОПЕРАНД   КОММЕНТАРИЙ
                               00 30 70106       0281  0292        ПБ    ПРП
                         70100 00 110 0031       0282  0293        СЧ    Е4
                               00 30 70174       0283  0294        ПБ    ВРЕМЯ         ПРЕР.ОТ ТАЙМЕРА
                        ‾70101                   0284  0295 .S02   АNОР
                        ‾70101                   0285  0296 *
                        ‾70101                   0286  0297 *  НАЖАТА КНОПКА "ЗАПРОС"
                        ‾70101                   0287  0298 *  ----------------------
                        ‾70101                   0288  0299 *
                                                 0289  0300 ЗАПРОС НОП
                        ‾70101                   0290  0301        АIF   (∧ВS ЕQ 1).INQ
                         70101 00 110 0036       0291  0309 .INQ   СЧ    Е1
                               00 112 0016       0292  0310        НТЖ   ВСЕЕД
         012             70102 00 100 0043       0293  0311        ЗП    НАДО
                               00 002 0047       0294  0312        РЕГ   ’47’
                         70103 00 040 0000       0295  0313        УИ
                               00 110 0032       0296  0314        СЧ    Е34Е33
                         70104 00 002 0054       0297  0315        РЕГ   ’54’          РАЗРЕШ.ПРИЕМ И ВЫД.
                               00 040 0000       0298  0316        УИ
                        ‾70105                   0299  0317 .INQ1  АNОР
                         70105 00 30 70073       0300  0318        ПБ    БМВ
                        _70105                   0301  0319 *
                        _70105                   0302  0320 *
                        _70105                   0303  0321 *   ПРЕРЫВАНИЕ ОТ ПРП
                        _70105                   0304  0322 *
                               00 22
                                                 0305  0323 ПРП    НОП
                         70106 00 100 0045       0306  0324        ЗП    ШКПРП
                        _70106                   0307  0325        АIF   (∧ВS ЕQ 1).S3
                               00 22
                         70107 00 111 0025       0308  0359 .S3    И     Е33
                               00 111 0043       0309  0360        И     НАДО
         013             70110 00 26 70134       0310  0361        ПО    ПРИШЕЛ
                               00 110 0042       0311  0362        СЧ    ВЫДАТЬ
                         70111 00 27 70112       0312  0363        ПЕ    ИЗПАМ
                               00 010 0007       0313  0364        СЧ    7 Т.Р.
                         70112 15 24 70130       0314  0365 ИЗПАМ  УИА   ВЫХЗС(13)
                               00 22
                                                 0315  0366 ЗПСЛОГ НОП
                         70113 00 100 0041       0316  0367        ЗП    ВЫДАН         СЛОГ К ВЫДАЧЕ
                               00 036 0056       0317  0368        СДА   64-18
                         70114 00 100 0440       0318  0369        ЗП    РЯ
                               00 010 0000       0319  0370        СЧ    0
                         70115 00 100 0042       0320  0371        ЗП    ВЫДАТЬ
                               16 24 77777       0321  0372        УИА   -1(14)
         014             70116 00 110 0440       0322  0373 ВСЛ    СЧ    РЯ            ВЫДАЧА СЛОГА В МПД
                               00 036 0074       0323  0374        СДА   64-4
                         70117 00 100 0440       0324  0375        ЗП    РЯ
                               00 111 0014       0325  0376        И     Е38П35
                         70120 00 115 0025       0326  0377        ИЛИ   Е33           СТРОБ ВЫДАЧИ
                               00 002 0051       0327  0378        РЕГ   ’51’          ВЫДАЧА
                         70121 00 110 0440       0328  0379        СЧ    РЯ
                               00 036 0074       0329  0380        СДА   64-4
                         70122 00 100 0440       0330  0381        ЗП    РЯ
                               00 111 0014       0331  0382        И     Е38П35
                         70123 00 115 0025       0332  0383        ИЛИ   Е33           СТРОБ ВЫДАЧИ
                               00 002 0050       0333  0384        РЕГ   ’50’          ВЫДАЧА
         015             70124 00 040 0000       0334  0385        УИ
                               00 040 0000       0335  0386        УИ
                         70125 16 37 70116       0336  0387        ЦИКЛ  ВСЛ(14)
                               00 110 0025       0337  0388        СЧ    Е33
                         70126 00 112 0016       0338  0389        НТЖ   ВСЕЕД
                               00 002 0052       0339  0390        РЕГ   ’52’          ГАШ.РЕГ.ПРЕР.ОТ ПРОЦ.
                         70127 00 110 0041       0340  0391        СЧ    ВЫДАН
ИПМ МАКРО-БЕМШ ВЕР.06/78      АС       СТР 0008
ОШИБКИ   НПК  СВОБ ПЕРЕМ АДРЕС КОМАНДА    А ИСП N ГЕН N ИСХ МЕТКА  ОПЕРАЦИЯ ОПЕРАНД   КОММЕНТАРИЙ
                               15 30 00000       0341  0392        ПБ    (13)
                                                 0342  0393 ВЫХЗС  НОП
                         70130 00 010 0006       0343  0394        СЧ    6 Т.Р.
                               00 036 0045       0344  0395        СДА   64-27
                         70131 00 100 0043       0345  0396        ЗП    НАДО          ЗАЦИКЛИВАНИЕ ВЫДАЧИ
                               00 010 0004       0346  0397        СЧ    4             !!!
         016             70132 00 105 0036       0347  0398 ЗАДЕРЖ ВЧ    Е1            !!!
                               00 26 70132       0348  0399        ПО    ЗАДЕРЖ        !!!
                         70133 10 25 00001       0349  0400        СЛИА  1(8)          СЧЕТЧИК ВЫДАННЫХ СЛОГОВ
                        _70133                   0350  0401 *
                        _70133                   0351  0402 *
                               00 22
                         70134 00 110 0045       0352  0403 ПРИШЕЛ СЧ    ШКПРП
                               00 111 0024       0353  0404        И     Е34
                         70135 00 26 70167       0354  0405        ПО    ГАСИ
                               15 24 70154       0355  0406        УИА   ВЫХСС(13)
                                                 0356  0407 СЧСЛОГ НОП
                         70136 00 010 0000       0357  0408        СЧ    0
                               00 100 0037       0358  0409        ЗП    ПРИНЯТ
                         70137 16 24 77777       0359  0410        УИА   -1(14)
                               00 22
         017             70140 00 110 0037       0360  0411 ПСЛ    СЧ    ПРИНЯТ        ПРИЕМ СЛОГА ИЗ МПД
                               00 036 0070       0361  0412        СДА   64-8
                         70141 00 100 0037       0362  0413        ЗП    ПРИНЯТ
                               00 002 0253       0363  0414        РЕГ   ’253’         СЧ.ИЗ АДАПТЕРА
                         70142 00 111 0014       0364  0415        И     Е38П35
                               00 036 0136       0365  0416        СДА   64+30
                         70143 00 115 0037       0366  0417        ИЛИ   ПРИНЯТ
                               00 100 0037       0367  0418        ЗП    ПРИНЯТ
                         70144 00 002 0252       0368  0419        РЕГ   ’252’         СЧ.ИЗ АДАПТЕРА
                               00 111 0014       0369  0420        И     Е38П35
                         70145 00 036 0142       0370  0421        СДА   64+34
                               00 115 0037       0371  0422        ИЛИ   ПРИНЯТ
         018             70146 00 100 0037       0372  0423        ЗП    ПРИНЯТ
                               00 010 0000       0373  0424        СЧ    0
                         70147 00 002 0052       0374  0425        РЕГ   ’52’          ГАШЕНИЕ
                               00 002 0053       0375  0426        РЕГ   ’53’          ПРИЕМНЫХ РЕГИСТРОВ
                         70150 00 110 0024       0376  0427        СЧ    Е34
                               00 002 0050       0377  0428        РЕГ   ’50’          СТРОБ СЧИТЫВАНИЯ
                         70151 16 37 70140       0378  0429        ЦИКЛ  ПСЛ(14)
                               00 010 0000       0379  0430        СЧ    0
                         70152 00 002 0052       0380  0431        РЕГ   ’52’
                               00 110 0037       0381  0432        СЧ    ПРИНЯТ
                         70153 15 30 00000       0382  0433        ПБ    (13)
                               00 22
                                                 0383  0434 ВЫХСС  НОП
         019             70154 11 25 00001       0384  0435        СЛИА  1(9)          СЧЕТЧИК ПРИНЯТЫХ СЛОГОВ
                        _70154                   0385  0436 *
                               00 100 0040       0386  0437        ЗП    ПРИНЯЛ
                         70155 00 111 0433       0387  0438        И     Е16
                               00 27 70167       0388  0439        ПЕ    ГАСИ
                         70156 00 010 0006       0389  0440        СЧ    6 Т.Р.
                               00 111 0034       0390  0441        И     Е7
                         70157 00 26 70167       0391  0442        ПО    ГАСИ
                               00 110 0037       0392  0443        СЧ    ПРИНЯТ
                         70160 00 036 0110       0393  0444        СДА   64+8
                               00 012 0001       0394  0445        НТЖ   1 Т.Р.
                         70161 00 111 0426       0395  0446        И     В177
                               00 27 70167       0396  0447        ПЕ    ГАСИ
         020             70162 00 110 0037       0397  0448        СЧ    ПРИНЯТ
                               00 115 0434       0398  0449        ИЛИ   Е15П9
                         70163 00 112 0434       0399  0450        НТЖ   Е15П9
                               00 100 0042       0400  0451        ЗП    ВЫДАТЬ
ИПМ МАКРО-БЕМШ ВЕР.06/78      АС       СТР 0009
ОШИБКИ   НПК  СВОБ ПЕРЕМ АДРЕС КОМАНДА    А ИСП N ГЕН N ИСХ МЕТКА  ОПЕРАЦИЯ ОПЕРАНД   КОММЕНТАРИЙ
                         70164 00 010 0002       0401  0452        СЧ    2 Т.Р.
                               00 036 0070       0402  0453        СДА   64-8
                         70165 00 115 0042       0403  0454        ИЛИ   ВЫДАТЬ
                               00 100 0042       0404  0455        ЗП    ВЫДАТЬ
                         70166 00 110 0025       0405  0456        СЧ    Е33
                               00 100 0043       0406  0457        ЗП    НАДО
                        ‾70167                   0407  0458 *
                         70167 00 110 0025       0408  0459 ГАСИ   СЧ    Е33
                               00 111 0043       0409  0460        И     НАДО
         021             70170 00 115 0024       0410  0461        ИЛИ   Е34
                               00 002 0054       0411  0462        РЕГ   ’54’          МАСКА КОНФ.
                         70171 00 040 0000       0412  0463        УИ
                               00 110 0033       0413  0464        СЧ    Е8
                         70172 00 112 0016       0414  0465        НТЖ   ВСЕЕД
                               00 040 0000       0415  0466        УИ
                         70173 00 002 0047       0416  0467        РЕГ   ’47’          ГАШЕНИЕ Е8 РВП
                        _70173                   0417  0468 .S03   АNОР
                               00 30 70073       0418  0469        ПБ    БМВ
                        ‾70174                   0419  0470 *
                        ‾70174                   0420  0471 *
                        ‾70174                   0421  0472 *
                        ‾70174                   0422  0473 *  ВРЕМЯ!
                        ‾70174                   0423  0474 *  ------
                                                 0424  0475 ВРЕМЯ  НОП
                         70174 00 112 0016       0425  0476        НТЖ   ВСЕЕД
                               00 040 0000       0426  0477        УИ
                        ‾70175                   0427  0478        АIF   (∧ВS ЕQ 1).ТIМ
                         70175 00 002 0047       0428  0481 .ТIМ   РЕГ   ’47’          ГАШЕНИЕ РВП
                               00 110 0015       0429  0482        СЧ    ТИКСВС
         022             70176 00 002 0057       0430  0483        РЕГ   ’57’          ВЗВОД ТАЙМЕРА
                        _70176                   0431  0484 .ТIМ1  АNОР
                               00 010 0005       0432  0485        СЧ    5 Т.Р.
                         70177 00 111 0036       0433  0486        И     Е1
                               00 26 70073       0434  0487        ПО    БМВ
                         70200 00 33 77777       0435  0488        СТОП  -1
                               10 24 00000       0436  0489        УИА   (8)
                         70201 11 24 00000       0437  0490        УИА   (9)
                               00 30 70073       0438  0491        ПБ    БМВ
                        ‾70202                   0439  0492 *
                        ‾70202                   0440  0493 *
                        ‾70202                   0441  0494 *  РЕАКЦИЯ НА ПРЕРЫВАНИЯ
                        ‾70202                   0442  0495 *  ---------------------
                                                 0443  0496 ЯЧПРЕ  НОП
                         70202 00 002 0237       0444  0497        РЕГ   ’237’
                               00 30 00500       0445  0498        ПБ    ’500’         ВНУТРЕННИХ ПРЕРЫВАНИЙ БЫТЬ НЕ ДОЛЖНО
                        ‾70203                   0446  0499        АIF   (∧ВS ЕQ 1).INТ
                         70203 00 002 0247       0447  0502 .INТ   РЕГ   ’247’         ЧТЕНИЕ РВП
                        _70203                   0448  0503 .INТ1  АNОР
                               00 30 70072       0449  0504        ПБ    СИГНАЛ
                                                 0450  0505 НОВАС  НОП
         023             70204 00 24 02003       0451  0506        УИА   ’2003’
                               00 110 0447       0452  0507        СЧ    ДЛЯ501
                         70205 00 000 0501       0453  0508        ЗП    ’501’
                               10 24 77740       0454  0509        УИА   -32(8)
                         70206 10 110 0511       0455  0510 РБФ    СЧ    ТIТ+32(8)
                               00 115 0434       0456  0511        ИЛИ   Е15П9
                         70207 00 112 0434       0457  0512        НТЖ   Е15П9
                               10 100 0511       0458  0513        ЗП    ТIТ+32(8)
                         70210 10 37 70206       0459  0514        ЦИКЛ  РБФ(8)
                               00 010 0001       0460  0515        СЧ    1
                         70211 00 111 0426       0461  0516        И     В177
                               00 26 70231       0462  0517        ПО    ОШТР
         024             70212 00 036 0070       0463  0518        СДА   64-8
ИПМ МАКРО-БЕМШ ВЕР.06/78      АС       СТР 0010
ОШИБКИ   НПК  СВОБ ПЕРЕМ АДРЕС КОМАНДА    А ИСП N ГЕН N ИСХ МЕТКА  ОПЕРАЦИЯ ОПЕРАНД   КОММЕНТАРИЙ
                               00 100 0436       0464  0519        ЗП    ЛИНБУФ
                         70213 00 010 0002       0465  0520        СЧ    2
                               00 111 0426       0466  0521        И     В177
                         70214 00 26 70231       0467  0522        ПО    ОШТР
                               00 036 0070       0468  0523        СДА   64-8
                         70215 00 100 0437       0469  0524        ЗП    ЛИНВЫД
                               00 115 0475       0470  0525        ИЛИ   БУФ
                         70216 00 100 0475       0471  0526        ЗП    БУФ
                               00 110 0437       0472  0527        СЧ    ЛИНВЫД
                         70217 00 115 0476       0473  0528        ИЛИ   БУФ+1
                               00 100 0476       0474  0529        ЗП    БУФ+1
         025             70220 00 110 0437       0475  0530        СЧ    ЛИНВЫД
                               00 115 0477       0476  0531        ИЛИ   БУФ+2
                         70221 00 100 0477       0477  0532        ЗП    БУФ+2
                               00 110 0437       0478  0533        СЧ    ЛИНВЫД
                         70222 00 115 0500       0479  0534        ИЛИ   БУФ+3
                               00 100 0500       0480  0535        ЗП    БУФ+3
                         70223 00 010 0003       0481  0536        СЧ    3
                               00 111 0422       0482  0537        И     В3
                         70224 00 26 70231       0483  0538        ПО    ОШТР
                               00 100 0435       0484  0539        ЗП    NЭВМ
                         70225 00 115 0475       0485  0540        ИЛИ   БУФ
                               00 100 0475       0486  0541        ЗП    БУФ
         026             70226 00 010 0000       0487  0542        СЧ    0
                               00 100 0443       0488  0543        ЗП    СЧОШ
                         70227 00 100 0444       0489  0544        ЗП    СЧСЛ
                               00 100 0445       0490  0545        ЗП    СЧСR
                         70230 00 100 0446       0491  0546        ЗП    СЧDЕL
                               00 30 70232       0492  0547        ПБ    НАЧ
                         70231 00 33 52525       0493  0548 ОШТР   СТОП  ’52525’
                               00 30 70204       0494  0549        ПБ    НОВАС
                         70232 10 24 00004       0495  0550 НАЧ    УИА   4(8)
                               11 24 00000       0496  0551        УИА   0(9)
                         70233 00 110 0034       0497  0552        СЧ    Е7
                               00 040 0004       0498  0553        УИ    4
                        ‾70234                   0499  0554        АIF   (∧ВS ЕQ 1).S4
         027             70234 00 036 0045       0500  0558 .S4    СДА   64-27
                               00 002 0054       0501  0559        РЕГ   ’54’          МАСКА КОНФ.
                         70235 00 040 0000       0502  0560        УИ
                               00 002 0050       0503  0561        РЕГ   ’50’
                         70236 00 040 0000       0504  0562        УИ
                               00 002 0050       0505  0563        РЕГ   ’50’          ОСВОБОЖДЕНИЕ РПМ
                        ‾70237                   0506  0564 .S04   АNОР
                         70237 00 110 0035       0507  0565        СЧ    Е6
                               00 100 0450       0508  0566        ЗП    РЕЖБУФ
                         70240 00 24 00003       0509  0567 ЖДУ    УИА   3
                               00 010 0003       0510  0568        СЧ    3
                         70241 00 111 0422       0511  0569        И     В3
                               00 26 70000       0512  0570        ПО    АС
         028             70242 01 25 00001       0513  0571        СЛИА  1(1)
                               00 042 0001       0514  0572        СЧИ   1
                         70243 00 002 0020       0515  0573        РЕГ   ’20’
                               00 002 0021       0516  0574        РЕГ   ’21’
                         70244 00 002 0022       0517  0575        РЕГ   ’22’
                               00 002 0023       0518  0576        РЕГ   ’23’
                        ‾70245                   0519  0577        АIF   (∧ВS ЕQ 1).S5
                         70245 00 110 0033       0520  0582 .S5    СЧ    Е8
                               00 040 0000       0521  0583        УИ
                         70246 00 002 0046       0522  0584        РЕГ   ’46’          МАСКА РВП
                               00 002 0140       0523  0585        РЕГ   ’140’         ГАШУ СКП
                        ‾70247                   0524  0586 .S05   АNОР
                         70247 00 110 0450       0525  0587        СЧ    РЕЖБУФ
                               00 27 70240       0526  0588        ПЕ    ЖДУ
ИПМ МАКРО-БЕМШ ВЕР.06/78      АС       СТР 0011
ОШИБКИ   НПК  СВОБ ПЕРЕМ АДРЕС КОМАНДА    А ИСП N ГЕН N ИСХ МЕТКА  ОПЕРАЦИЯ ОПЕРАНД   КОММЕНТАРИЙ
         029             70250 00 24 02003       0527  0589        УИА   ’2003’
                               00 042 0010       0528  0590        СЧИ   8
                         70251 00 100 0440       0529  0591        ЗП    РЯ
                               00 042 0011       0530  0592        СЧИ   9
                         70252 00 105 0440       0531  0593        ВЧ    РЯ
                               00 26 70240       0532  0594        ПО    ЖДУ
                         70253 00 110 0034       0533  0595        СЧ    Е7
                               00 115 0035       0534  0596        ИЛИ   Е6
                         70254 00 040 0004       0535  0597        УИ    4
                        _70254                   0536  0598        АIF   (∧ВS ЕQ 1).S6
                               00 22
                         70255 00 036 0045       0537  0601 .S6    СДА   64-27
                               00 040 0000       0538  0602        УИ
         030             70256 00 002 0054       0539  0603        РЕГ   ’54’
                        _70256                   0540  0604 .S06   АNОР
                               00 30 70240       0541  0605        ПБ    ЖДУ
                         70257 00 100 0442       0542  0606 ВХ501  ЗП    СМ
                               00 042 0020       0543  0607        СЧИ   16
                         70260 00 100 0441       0544  0608        ЗП    ИР16
                               00 010 0000       0545  0609        СЧ    0
                         70261 00 040 0000       0546  0610        УИ    0
                        _70261                   0547  0611        АIF   (∧ВS ЕQ 1).S7
                               00 22
                         70262 00 002 0046       0548  0615 .S7    РЕГ   ’46’          МАСКА РВП
                               00 002 0252       0549  0616        РЕГ   ’252’         ПРЕР.ОТ ПРОЦЕССОРОВ
                         70263 00 036 0133       0550  0617        СДА   64+27
                        _70263                   0551  0618 .S07   АNОР
                               00 100 0440       0552  0619        ЗП    РЯ
         031             70264 00 042 0004       0553  0620        СЧИ   4
                               00 111 0440       0554  0621        И     РЯ
                         70265 00 100 0440       0555  0622        ЗП    РЯ
                               00 111 0034       0556  0623        И     Е7
                         70266 00 27 70272       0557  0624        ПЕ    ВХ7РПР
                               00 110 0440       0558  0625        СЧ    РЯ
                         70267 00 111 0035       0559  0626        И     Е6
                               00 27 70400       0560  0627        ПЕ    ВХ6РПР
                         70270 00 110 0441       0561  0628 ВЫХПР  СЧ    ИР16
                               00 040 0020       0562  0629        УИ    16
                         70271 00 110 0442       0563  0630        СЧ    СМ
                               03 32 00000       0564  0631        ВЫПР  0(3)
         032             70272 00 22
                               15 31 70415       0565  0632 ВХ7РПР ПВ    ЗАКРПР(13)
                         70273 01 24 00000       0566  0633        УИА   0(1)
                        _70273                   0567  0634        АIF   (∧ВS ЕQ 1).S9
                               00 22
                         70274 00 22
                               15 31 70136       0568  0643 .S9    ПВ    СЧСЛОГ(13)
                        ‾70275                   0569  0644 .S09   АNОР
                         70275 00 110 0037       0570  0645 БЕЗОШ  СЧ    ПРИНЯТ
                               00 111 0433       0571  0646        И     Е16
                         70276 00 27 70325       0572  0647        ПЕ    СЛУЖСЛ
                               00 110 0037       0573  0648        СЧ    ПРИНЯТ
                         70277 00 111 0426       0574  0649        И     В177
                               00 022 0000       0575  0650        ЧЕД   0
         033             70300 00 111 0421       0576  0651        И     В1
                               00 036 0071       0577  0652        СДА   64-7
                         70301 00 115 0037       0578  0653        ИЛИ   ПРИНЯТ
                               00 100 0037       0579  0654        ЗП    ПРИНЯТ
                         70302 00 111 0426       0580  0655        И     В177
                               00 112 0426       0581  0656        НТЖ   В177
                         70303 00 26 70372       0582  0657        ПО    DЕL
                               00 110 0037       0583  0658        СЧ    ПРИНЯТ
                         70304 00 111 0427       0584  0659        И     В377
ИПМ МАКРО-БЕМШ ВЕР.06/78      АС       СТР 0012
ОШИБКИ   НПК  СВОБ ПЕРЕМ АДРЕС КОМАНДА    А ИСП N ГЕН N ИСХ МЕТКА  ОПЕРАЦИЯ ОПЕРАНД   КОММЕНТАРИЙ
                               00 022 0000       0585  0660        ЧЕД   0
                         70305 00 111 0421       0586  0661        И     В1
                               00 26 70310       0587  0662        ПО    ЧЕТ
         034             70306 00 110 0443       0588  0663        СЧ    СЧОШ
                               00 113 0421       0589  0664        СЛЦ   В1
                         70307 00 100 0443       0590  0665        ЗП    СЧОШ
                               00 002 0026       0591  0666        РЕГ   ’26’
                         70310 00 110 0037       0592  0667 ЧЕТ    СЧ    ПРИНЯТ
                               00 111 0434       0593  0668        И     Е15П9
                         70311 00 112 0436       0594  0669        НТЖ   ЛИНБУФ
                               00 27 70376       0595  0670        ПЕ    ВЫХ7РП
                         70312 00 110 0037       0596  0671        СЧ    ПРИНЯТ
                               00 111 0426       0597  0672        И     В177
                         70313 00 112 0430       0598  0673        НТЖ   В223
                               00 26 70361       0599  0674        ПО    СТRLS
         035             70314 00 110 0037       0600  0675        СЧ    ПРИНЯТ
                               00 111 0427       0601  0676        И     В377
                         70315 00 115 0437       0602  0677        ИЛИ   ЛИНВЫД
                               10 100 0475       0603  0678        ЗП    БУФ(8)
                         70316 10 25 00001       0604  0679        СЛИА  1(8)
                               00 111 0426       0605  0680        И     В177
                         70317 00 112 0424       0606  0681        НТЖ   RЕТURN
                               00 26 70351       0607  0682        ПО    СR
                         70320 00 112 0424       0608  0683        НТЖ   RЕТURN
                               00 112 0425       0609  0684        НТЖ   В12
                         70321 00 27 70376       0610  0685        ПЕ    ВЫХ7РП
                               00 110 0437       0611  0686        СЧ    ЛИНВЫД
         036             70322 00 036 0070       0612  0687        СДА   64-8
                               10 100 0475       0613  0688        ЗП    БУФ(8)
                         70323 10 100 0476       0614  0689        ЗП    БУФ+1(8)
                               10 25 00002       0615  0690        СЛИА  2(8)
                         70324 00 30 70376       0616  0691        ПБ    ВЫХ7РП
                               00 22
                         70325 00 110 0444       0617  0692 СЛУЖСЛ СЧ    СЧСЛ
                               00 113 0421       0618  0693        СЛЦ   В1
                         70326 00 100 0444       0619  0694        ЗП    СЧСЛ
                               00 002 0024       0620  0695        РЕГ   ’24’
                         70327 00 110 0037       0621  0696        СЧ    ПРИНЯТ
                               00 111 0434       0622  0697        И     Е15П9
         037             70330 00 100 0440       0623  0698        ЗП    РЯ
                               05 24 77755       0624  0699        УИА   -19(5)
                         70331 05 110 0474       0625  0700 ПЕРЕП  СЧ    ТIТ+19(5)
                               00 115 0440       0626  0701        ИЛИ   РЯ
                         70332 10 100 0475       0627  0702        ЗП    БУФ(8)
                               10 25 00001       0628  0703        СЛИА  1(8)
                         70333 05 37 70331       0629  0704        ЦИКЛ  ПЕРЕП(5)
                               00 110 0435       0630  0705        СЧ    NЭВМ
                         70334 10 115 0451       0631  0706        ИЛИ   БУФ-20(8)
                               10 100 0451       0632  0707        ЗП    БУФ-20(8)
                         70335 00 110 0435       0633  0708        СЧ    NЭВМ
                               10 115 0463       0634  0709        ИЛИ   БУФ-10(8)
         038             70336 10 100 0463       0635  0710        ЗП    БУФ-10(8)
                               00 110 0435       0636  0711        СЧ    NЭВМ
                         70337 10 115 0474       0637  0712        ИЛИ   БУФ-1(8)
                               10 100 0474       0638  0713        ЗП    БУФ-1(8)
                         70340 00 110 0037       0639  0714        СЧ    ПРИНЯТ
                               00 036 0110       0640  0715        СДА   64+8
                         70341 00 111 0423       0641  0716        И     В7
                               10 115 0467       0642  0717        ИЛИ   БУФ-6(8)
                         70342 10 100 0467       0643  0718        ЗП    БУФ-6(8)
                               00 110 0037       0644  0719        СЧ    ПРИНЯТ
                         70343 00 036 0113       0645  0720        СДА   64+11
                               00 111 0423       0646  0721        И     В7
ИПМ МАКРО-БЕМШ ВЕР.06/78      АС       СТР 0013
ОШИБКИ   НПК  СВОБ ПЕРЕМ АДРЕС КОМАНДА    А ИСП N ГЕН N ИСХ МЕТКА  ОПЕРАЦИЯ ОПЕРАНД   КОММЕНТАРИЙ
         039             70344 10 115 0466       0647  0722        ИЛИ   БУФ-7(8)
                               10 100 0466       0648  0723        ЗП    БУФ-7(8)
                         70345 00 110 0037       0649  0724        СЧ    ПРИНЯТ
                               00 036 0116       0650  0725        СДА   64+14
                         70346 00 111 0421       0651  0726        И     В1
                               10 115 0465       0652  0727        ИЛИ   БУФ-8(8)
                         70347 10 100 0465       0653  0728        ЗП    БУФ-8(8)
                               00 010 0000       0654  0729        СЧ    0
                         70350 00 100 0450       0655  0730        ЗП    РЕЖБУФ
                               00 30 70376       0656  0731        ПБ    ВЫХ7РП
                         70351 00 110 0445       0657  0732 СR     СЧ    СЧСR
                               00 113 0421       0658  0733        СЛЦ   В1
         040             70352 00 100 0445       0659  0734        ЗП    СЧСR
                               00 002 0027       0660  0735        РЕГ   ’27’
                         70353 00 110 0425       0661  0736        СЧ    В12
                               00 115 0437       0662  0737        ИЛИ   ЛИНВЫД
                         70354 10 100 0475       0663  0738        ЗП    БУФ(8)
                               10 25 00001       0664  0739        СЛИА  1(8)
                         70355 00 110 0433       0665  0740        СЧ    Е16
                               00 115 0437       0666  0741        ИЛИ   ЛИНВЫД
                         70356 00 115 0435       0667  0742        ИЛИ   NЭВМ
                               10 100 0475       0668  0743        ЗП    БУФ(8)
                         70357 10 25 00001       0669  0744        СЛИА  1(8)
                               00 010 0000       0670  0745        СЧ    0
         041             70360 00 100 0450       0671  0746        ЗП    РЕЖБУФ
                               00 30 70376       0672  0747        ПБ    ВЫХ7РП
                         70361 00 110 0037       0673  0748 СТRLS  СЧ    ПРИНЯТ
                               00 115 0427       0674  0749        ИЛИ   В377
                         70362 00 112 0427       0675  0750        НТЖ   В377
                               00 115 0433       0676  0751        ИЛИ   Е16
                         70363 10 100 0475       0677  0752        ЗП    БУФ(8)
                               10 25 00001       0678  0753        СЛИА  1(8)
                         70364 00 010 0000       0679  0754        СЧ    0
                               00 100 0450       0680  0755        ЗП    РЕЖБУФ
                         70365 00 100 0443       0681  0756        ЗП    СЧОШ
                               00 100 0444       0682  0757        ЗП    СЧСЛ
         042             70366 00 100 0445       0683  0758        ЗП    СЧСR
                               00 100 0446       0684  0759        ЗП    СЧDЕL
                         70367 00 002 0024       0685  0760        РЕГ   ’24’
                               00 002 0025       0686  0761        РЕГ   ’25’
                         70370 00 002 0026       0687  0762        РЕГ   ’26’
                               00 002 0027       0688  0763        РЕГ   ’27’
                         70371 00 30 70376       0689  0764        ПБ    ВЫХ7РП
                               00 22
                         70372 00 110 0446       0690  0765 DЕL    СЧ    СЧDЕL
                               00 113 0421       0691  0766        СЛЦ   В1
                         70373 00 100 0446       0692  0767        ЗП    СЧDЕL
                               00 002 0025       0693  0768        РЕГ   ’25’
         043             70374 10 24 00004       0694  0769        УИА   4(8)
                               11 24 00000       0695  0770        УИА   0(9)
                         70375 00 110 0035       0696  0771        СЧ    Е6
                               00 100 0450       0697  0772        ЗП    РЕЖБУФ
                         70376 00 22
                               15 31 70417       0698  0773 ВЫХ7РП ПВ    ГАШ7РП(13)
                         70377 00 30 70270       0699  0774        ПБ    ВЫХПР
                               00 22
                         70400 00 22
                               15 31 70415       0700  0775 ВХ6РПР ПВ    ЗАКРПР(13)
                         70401 01 24 00000       0701  0776        УИА   0(1)
                               00 110 0034       0702  0777        СЧ    Е7
         044             70402 00 040 0004       0703  0778        УИ    4
                        _70402                   0704  0779        АIF   (∧ВS ЕQ 1).S11
                               00 22
ИПМ МАКРО-БЕМШ ВЕР.06/78      АС       СТР 0014
ОШИБКИ   НПК  СВОБ ПЕРЕМ АДРЕС КОМАНДА    А ИСП N ГЕН N ИСХ МЕТКА  ОПЕРАЦИЯ ОПЕРАНД   КОММЕНТАРИЙ
                         70403 00 036 0045       0705  0782 .S11   СДА   64-27
                               00 002 0054       0706  0783        РЕГ   ’54’
                        ‾70404                   0707  0784 .S011  АNОР
                         70404 11 110 0475       0708  0785        СЧ    БУФ(9)
                               11 25 00001       0709  0786        СЛИА  1(9)
                        ‾70405                   0710  0787        АIF   (∧ВS ЕQ 1).S12
                         70405 00 22
                               15 31 70113       0711  0790 .S12   ПВ    ЗПСЛОГ(13)
                        ‾70406                   0712  0791 .S012  АNОР
                         70406 00 040 0006       0713  0792        УИ    6
                               00 042 0010       0714  0793        СЧИ   8
                         70407 00 100 0440       0715  0794        ЗП    РЯ
                               00 042 0011       0716  0795        СЧИ   9
         045             70410 00 112 0440       0717  0796        НТЖ   РЯ
                               00 27 70413       0718  0797        ПЕ    ВЫХ6ПР
                         70411 10 24 00004       0719  0798        УИА   4(8)
                               11 24 00000       0720  0799        УИА   0(9)
                         70412 00 110 0035       0721  0800        СЧ    Е6
                               00 100 0450       0722  0801        ЗП    РЕЖБУФ
                         70413 00 22
                               15 31 70417       0723  0802 ВЫХ6ПР ПВ    ГАШ6РП(13)
                         70414 00 30 70270       0724  0803        ПБ    ВЫХПР
                               00 22
                         70415 00 010 0000       0725  0804 ЗАКРПР СЧ    0
                               00 040 0000       0726  0805        УИ    0
                        ‾70416                   0727  0806        АIF   (∧ВS ЕQ 1).S8
         046             70416 00 002 0046       0728  0809 .S8    РЕГ   ’46’          МАСКА РВП
                        _70416                   0729  0810 .S08   АNОР
                               15 30 00000       0730  0811        ПБ    0(13)
                                                 0731  0812 ГАШ7РП НОП
                                                 0732  0813 ГАШ6РП НОП
                         70417 00 010 0000       0733  0814        СЧ    0
                               00 040 0000       0734  0815        УИ
                        ‾70420                   0735  0816        АIF   (∧ВS ЕQ 1).S10
                         70420 00 002 0047       0736  0819 .S10   РЕГ   ’47’          ГАШ.РВП
                        _70420                   0737  0820 .S010  АNОР
                               15 30 00000       0738  0821        ПБ    0(13)
                        ‾70421                   0739  0822 *
                         70421  0000000000000001 0740  0823 В1     КОНД  В’1’
                         70422  0000000000000003 0741  0824 В3     КОНД  В’3’
                         70423  0000000000000007 0742  0825 В7     КОНД  В’7’
         047             70424  0000000000000015 0743  0826 RЕТURN DС    Х’D’
                         70425  0000000000000012 0744  0827 В12    КОНД  В’12’
                         70426  0000000000000177 0745  0828 В177   КОНД  В’177’
                         70427  0000000000000377 0746  0829 В377   КОНД  В’377’
                         70430  0000000000000023 0747  0830 В223   КОНД  В’023’
                         70431  0000000000000010 0748  0831        КОНД  В’10’
         048             70432  0000000000040000 0749  0832 Е15    КОНД  В’40000’
                         70433  0000000000100000 0750  0833 Е16    КОНД  В’100000’
                         70434  0000000000037400 0751  0834 Е15П9  КОНД  М8Х’3F’
                         70435                   0752  0835 NЭВМ   ПАМ   1
                         70436                   0753  0836 ЛИНБУФ ПАМ   1
                         70437                   0754  0837 ЛИНВЫД ПАМ   1
         049             70440  0000000000000000 0755  0838 РЯ     КОНД  В’0’
                         70441  0000000000000000 0756  0839 ИР16   КОНД  В’0’
                         70442  0000000000000000 0757  0840 СМ     КОНД  В’0’
                         70443  0000000000000000 0758  0841 СЧОШ   КОНД  В’0’
                         70444  0000000000000000 0759  0842 СЧСЛ   КОНД  В’0’
                         70445  0000000000000000 0760  0843 СЧСR   КОНД  В’0’
         050             70446  0000000000000000 0761  0844 СЧDЕL  КОНД  В’0’
                         70447 00 30 70257       0762  0845 ДЛЯ501 ПБ    ВХ501
                               00 22
                         70450  0000000000000000 0763  0846 РЕЖБУФ КОНД  В’0000000’
ИПМ МАКРО-БЕМШ ВЕР.06/78      АС       СТР 0015
ОШИБКИ   НПК  СВОБ ПЕРЕМ АДРЕС КОМАНДА    А ИСП N ГЕН N ИСХ МЕТКА  ОПЕРАЦИЯ ОПЕРАНД   КОММЕНТАРИЙ
                         70451  0000000000100010 0764  0847 ТIТ    КОНД  В’10’М15В’1’ СЛУЖ.СЛОГ
                         70452  0000000000000215 0765  0848        КОНД  В’215’ <RЕТURN>
                         70453  0000000000000012 0766  0849        КОНД  В’012’ <LF>
         051             70454  0000000000000240 0767  0850        КОНД  В’240’ ПРОБ.
                         70455  0000000000000164 0768  0851        КОНД  В’164’ Т
                         70456  0000000000000145 0769  0852        КОНД  В’145’ Е
                         70457  0000000000000363 0770  0853        КОНД  В’363’ С
                         70460  0000000000000164 0771  0854        КОНД  В’164’ Т
                         70461  0000000000000055 0772  0855        КОНД  В’055’ -
         052             70462  0000000000000115 0773  0856        КОНД  В’115’ М
                         70463  0000000000000060 0774  0857        КОНД  В’060’ 0
                         70464  0000000000000257 0775  0858        КОНД  В’257’ /
                         70465  0000000000000060 0776  0859        КОНД  В’060’ 0
                         70466  0000000000000060 0777  0860        КОНД  В’060’ 0
                         70467  0000000000000060 0778  0861        КОНД  В’060’ 0
         053             70470  0000000000000215 0779  0862        КОНД  В’215’ <RЕТURN>
                         70471  0000000000000012 0780  0863        КОНД  В’012’ <LF>
                         70472  0000000000000000 0781  0864        КОНД  В’000’
                         70473  0000000000000000 0782  0865        КОНД  В’000’
                         70474  0000000000100000 0783  0866        КОНД  В’0100000’
                         70475  0000000000100010 0784  0867 БУФ    КОНД  В’10’М15В’1’
         054             70476  0000000000000012 0785  0868        КОНД  В’00012’
                         70477  0000000000000000 0786  0869        КОНД  В’00000’
                         70500  0000000000000000 0787  0870        КОНД  В’00000’
                         70500                   0788  0871        ФИНИШ АС
АС       НАМ=70000   ДИАП ЗАГР=67765-77266  ДЛИНА МОДЛ=00041  ДЛИНА ПРОГ=00501 ВХОДН=00001 ВНЕШН=00000 ЧИСЛО МЕТОК=00157
***********
ЧИСЛО ОШИБОК=0000. МАКС СЕРЬЕЗН=0.
ЗАГР: 12.78
ЗОНГП=270000  СВ.ЗОНА = 270001  АМИН=70000 АМАКС=70500 АСВОБ=70501

 КОНЕЦ ЗАДАЧИ
 02201  00 074 0000	*74
